

================================================================
== Vivado HLS Report for 'predictor3'
================================================================
* Date:           Wed Oct 31 19:32:27 2018

* Version:        2016.3 (Build 1682563 on Mon Oct 10 19:41:59 MDT 2016)
* Project:        HLS_Predictor3
* Solution:       solution1
* Product family: zynq
* Target device:  xc7z020clg484-1


================================================================
== Performance Estimates
================================================================
+ Timing (ns): 
    * Summary: 
    +--------+-------+----------+------------+
    |  Clock | Target| Estimated| Uncertainty|
    +--------+-------+----------+------------+
    |ap_clk  |  10.00|      8.40|        1.25|
    +--------+-------+----------+------------+

+ Latency (clock cycles): 
    * Summary: 
    +------+------+------+------+---------+
    |   Latency   |   Interval  | Pipeline|
    |  min |  max |  min |  max |   Type  |
    +------+------+------+------+---------+
    |  3618|  3618|  3619|  3619|   none  |
    +------+------+------+------+---------+

    + Detail: 
        * Instance: 
        N/A

        * Loop: 
        +--------------+------+------+----------+-----------+-----------+------+----------+
        |              |   Latency   | Iteration|  Initiation Interval  | Trip |          |
        |   Loop Name  |  min |  max |  Latency |  achieved |   target  | Count| Pipelined|
        +--------------+------+------+----------+-----------+-----------+------+----------+
        |- Loop 1      |  3008|  3008|       376|          -|          -|     8|    no    |
        | + Loop 1.1   |    22|    22|         8|          1|          1|    16|    yes   |
        | + Loop 1.2   |    22|    22|         8|          1|          1|    16|    yes   |
        | + Loop 1.3   |    22|    22|         8|          1|          1|    16|    yes   |
        | + Loop 1.4   |    22|    22|         8|          1|          1|    16|    yes   |
        | + Loop 1.5   |    22|    22|         8|          1|          1|    16|    yes   |
        | + Loop 1.6   |    22|    22|         8|          1|          1|    16|    yes   |
        | + Loop 1.7   |    22|    22|         8|          1|          1|    16|    yes   |
        | + Loop 1.8   |    22|    22|         8|          1|          1|    16|    yes   |
        | + Loop 1.9   |    22|    22|         8|          1|          1|    16|    yes   |
        | + Loop 1.10  |    22|    22|         8|          1|          1|    16|    yes   |
        | + Loop 1.11  |    22|    22|         8|          1|          1|    16|    yes   |
        | + Loop 1.12  |    22|    22|         8|          1|          1|    16|    yes   |
        | + Loop 1.13  |    22|    22|         8|          1|          1|    16|    yes   |
        | + Loop 1.14  |    22|    22|         8|          1|          1|    16|    yes   |
        | + Loop 1.15  |    22|    22|         8|          1|          1|    16|    yes   |
        |- Loop 2      |   608|   608|        76|          -|          -|     8|    no    |
        | + Loop 2.1   |    22|    22|         8|          1|          1|    16|    yes   |
        | + Loop 2.2   |    22|    22|         8|          1|          1|    16|    yes   |
        | + Loop 2.3   |    22|    22|         8|          1|          1|    16|    yes   |
        +--------------+------+------+----------+-----------+-----------+------+----------+



================================================================
== Utilization Estimates
================================================================
* Summary: 
+-----------------+---------+-------+--------+-------+
|       Name      | BRAM_18K| DSP48E|   FF   |  LUT  |
+-----------------+---------+-------+--------+-------+
|DSP              |        -|      -|       -|      -|
|Expression       |        -|      -|       0|   3610|
|FIFO             |        -|      -|       -|      -|
|Instance         |        0|     16|      36|     40|
|Memory           |        8|      -|       0|      0|
|Multiplexer      |        -|      -|       -|   4846|
|Register         |        -|      -|    2516|     18|
+-----------------+---------+-------+--------+-------+
|Total            |        8|     16|    2552|   8514|
+-----------------+---------+-------+--------+-------+
|Available        |      280|    220|  106400|  53200|
+-----------------+---------+-------+--------+-------+
|Utilization (%)  |        2|      7|       2|     16|
+-----------------+---------+-------+--------+-------+

+ Detail: 
    * Instance: 
    +-----------------------------+---------------------------+---------+-------+----+----+
    |           Instance          |           Module          | BRAM_18K| DSP48E| FF | LUT|
    +-----------------------------+---------------------------+---------+-------+----+----+
    |predictor3_BUS_CTRL_s_axi_U  |predictor3_BUS_CTRL_s_axi  |        0|      0|  36|  40|
    |predictor3_mul_32cud_U0      |predictor3_mul_32cud       |        0|      4|   0|   0|
    |predictor3_mul_32cud_U1      |predictor3_mul_32cud       |        0|      4|   0|   0|
    |predictor3_mul_32cud_U2      |predictor3_mul_32cud       |        0|      4|   0|   0|
    |predictor3_mul_32cud_U3      |predictor3_mul_32cud       |        0|      4|   0|   0|
    +-----------------------------+---------------------------+---------+-------+----+----+
    |Total                        |                           |        0|     16|  36|  40|
    +-----------------------------+---------------------------+---------+-------+----+----+

    * DSP48: 
    N/A

    * Memory: 
    +---------------+----------------------+---------+---+----+------+-----+------+-------------+
    |     Memory    |        Module        | BRAM_18K| FF| LUT| Words| Bits| Banks| W*Bits*Banks|
    +---------------+----------------------+---------+---+----+------+-----+------+-------------+
    |sigmoid_lut_U  |predictor3_sigmoibkb  |        8|  0|   0|  8192|    8|     1|        65536|
    +---------------+----------------------+---------+---+----+------+-----+------+-------------+
    |Total          |                      |        8|  0|   0|  8192|    8|     1|        65536|
    +---------------+----------------------+---------+---+----+------+-----+------+-------------+

    * FIFO: 
    N/A

    * Expression: 
    +-------------------------+----------+-------+---+----+------------+------------+
    |      Variable Name      | Operation| DSP48E| FF| LUT| Bitwidth P0| Bitwidth P1|
    +-------------------------+----------+-------+---+----+------------+------------+
    |i_2_fu_3317_p2           |     +    |      0|  0|   4|           4|           1|
    |i_3_fu_6117_p2           |     +    |      0|  0|   4|           4|           1|
    |k_2_10_fu_5360_p2        |     +    |      0|  0|   5|           5|           1|
    |k_2_11_fu_5545_p2        |     +    |      0|  0|   5|           5|           1|
    |k_2_12_fu_5728_p2        |     +    |      0|  0|   5|           5|           1|
    |k_2_13_fu_5913_p2        |     +    |      0|  0|   5|           5|           1|
    |k_2_1_fu_3520_p2         |     +    |      0|  0|   5|           5|           1|
    |k_2_2_fu_3705_p2         |     +    |      0|  0|   5|           5|           1|
    |k_2_3_fu_3888_p2         |     +    |      0|  0|   5|           5|           1|
    |k_2_4_fu_4073_p2         |     +    |      0|  0|   5|           5|           1|
    |k_2_5_fu_4256_p2         |     +    |      0|  0|   5|           5|           1|
    |k_2_6_fu_4441_p2         |     +    |      0|  0|   5|           5|           1|
    |k_2_7_fu_4624_p2         |     +    |      0|  0|   5|           5|           1|
    |k_2_8_fu_4809_p2         |     +    |      0|  0|   5|           5|           1|
    |k_2_9_fu_4992_p2         |     +    |      0|  0|   5|           5|           1|
    |k_2_fu_3341_p2           |     +    |      0|  0|   5|           5|           1|
    |k_2_s_fu_5177_p2         |     +    |      0|  0|   5|           5|           1|
    |k_3_1_fu_6338_p2         |     +    |      0|  0|   5|           5|           1|
    |k_3_2_fu_6531_p2         |     +    |      0|  0|   5|           5|           1|
    |k_3_fu_6151_p2           |     +    |      0|  0|   5|           5|           1|
    |sum1_2_10_fu_5402_p2     |     +    |      0|  0|  28|          28|          28|
    |sum1_2_11_fu_5585_p2     |     +    |      0|  0|  28|          28|          28|
    |sum1_2_12_fu_5770_p2     |     +    |      0|  0|  28|          28|          28|
    |sum1_2_13_fu_5953_p2     |     +    |      0|  0|  28|          28|          28|
    |sum1_2_1_fu_3562_p2      |     +    |      0|  0|  28|          28|          28|
    |sum1_2_2_fu_3745_p2      |     +    |      0|  0|  28|          28|          28|
    |sum1_2_3_fu_3930_p2      |     +    |      0|  0|  28|          28|          28|
    |sum1_2_4_fu_4113_p2      |     +    |      0|  0|  28|          28|          28|
    |sum1_2_5_fu_4298_p2      |     +    |      0|  0|  28|          28|          28|
    |sum1_2_6_fu_4481_p2      |     +    |      0|  0|  28|          28|          28|
    |sum1_2_7_fu_4666_p2      |     +    |      0|  0|  28|          28|          28|
    |sum1_2_8_fu_4849_p2      |     +    |      0|  0|  28|          28|          28|
    |sum1_2_9_fu_5034_p2      |     +    |      0|  0|  28|          28|          28|
    |sum1_2_fu_3381_p2        |     +    |      0|  0|  28|          28|          28|
    |sum1_2_s_fu_5217_p2      |     +    |      0|  0|  28|          28|          28|
    |sum1_3_1_fu_6384_p2      |     +    |      0|  0|  28|          28|          28|
    |sum1_3_2_fu_6575_p2      |     +    |      0|  0|  28|          28|          28|
    |sum1_3_fu_6195_p2        |     +    |      0|  0|  28|          28|          28|
    |sum2_2_10_fu_5412_p2     |     +    |      0|  0|  28|          28|          28|
    |sum2_2_11_fu_5595_p2     |     +    |      0|  0|  28|          28|          28|
    |sum2_2_12_fu_5780_p2     |     +    |      0|  0|  28|          28|          28|
    |sum2_2_13_fu_5963_p2     |     +    |      0|  0|  28|          28|          28|
    |sum2_2_1_fu_3572_p2      |     +    |      0|  0|  28|          28|          28|
    |sum2_2_2_fu_3755_p2      |     +    |      0|  0|  28|          28|          28|
    |sum2_2_3_fu_3940_p2      |     +    |      0|  0|  28|          28|          28|
    |sum2_2_4_fu_4123_p2      |     +    |      0|  0|  28|          28|          28|
    |sum2_2_5_fu_4308_p2      |     +    |      0|  0|  28|          28|          28|
    |sum2_2_6_fu_4491_p2      |     +    |      0|  0|  28|          28|          28|
    |sum2_2_7_fu_4676_p2      |     +    |      0|  0|  28|          28|          28|
    |sum2_2_8_fu_4859_p2      |     +    |      0|  0|  28|          28|          28|
    |sum2_2_9_fu_5044_p2      |     +    |      0|  0|  28|          28|          28|
    |sum2_2_fu_3391_p2        |     +    |      0|  0|  28|          28|          28|
    |sum2_2_s_fu_5227_p2      |     +    |      0|  0|  28|          28|          28|
    |sum2_3_1_fu_6394_p2      |     +    |      0|  0|  28|          28|          28|
    |sum2_3_2_fu_6585_p2      |     +    |      0|  0|  28|          28|          28|
    |sum2_3_fu_6205_p2        |     +    |      0|  0|  28|          28|          28|
    |sum3_2_10_fu_5422_p2     |     +    |      0|  0|  28|          28|          28|
    |sum3_2_11_fu_5605_p2     |     +    |      0|  0|  28|          28|          28|
    |sum3_2_12_fu_5790_p2     |     +    |      0|  0|  28|          28|          28|
    |sum3_2_13_fu_5973_p2     |     +    |      0|  0|  28|          28|          28|
    |sum3_2_1_fu_3582_p2      |     +    |      0|  0|  28|          28|          28|
    |sum3_2_2_fu_3765_p2      |     +    |      0|  0|  28|          28|          28|
    |sum3_2_3_fu_3950_p2      |     +    |      0|  0|  28|          28|          28|
    |sum3_2_4_fu_4133_p2      |     +    |      0|  0|  28|          28|          28|
    |sum3_2_5_fu_4318_p2      |     +    |      0|  0|  28|          28|          28|
    |sum3_2_6_fu_4501_p2      |     +    |      0|  0|  28|          28|          28|
    |sum3_2_7_fu_4686_p2      |     +    |      0|  0|  28|          28|          28|
    |sum3_2_8_fu_4869_p2      |     +    |      0|  0|  28|          28|          28|
    |sum3_2_9_fu_5054_p2      |     +    |      0|  0|  28|          28|          28|
    |sum3_2_fu_3401_p2        |     +    |      0|  0|  28|          28|          28|
    |sum3_2_s_fu_5237_p2      |     +    |      0|  0|  28|          28|          28|
    |sum3_3_1_fu_6404_p2      |     +    |      0|  0|  28|          28|          28|
    |sum3_3_2_fu_6595_p2      |     +    |      0|  0|  28|          28|          28|
    |sum3_3_fu_6215_p2        |     +    |      0|  0|  28|          28|          28|
    |sum4_2_10_fu_5432_p2     |     +    |      0|  0|  28|          28|          28|
    |sum4_2_11_fu_5615_p2     |     +    |      0|  0|  28|          28|          28|
    |sum4_2_12_fu_5800_p2     |     +    |      0|  0|  28|          28|          28|
    |sum4_2_13_fu_5983_p2     |     +    |      0|  0|  28|          28|          28|
    |sum4_2_1_fu_3592_p2      |     +    |      0|  0|  28|          28|          28|
    |sum4_2_2_fu_3775_p2      |     +    |      0|  0|  28|          28|          28|
    |sum4_2_3_fu_3960_p2      |     +    |      0|  0|  28|          28|          28|
    |sum4_2_4_fu_4143_p2      |     +    |      0|  0|  28|          28|          28|
    |sum4_2_5_fu_4328_p2      |     +    |      0|  0|  28|          28|          28|
    |sum4_2_6_fu_4511_p2      |     +    |      0|  0|  28|          28|          28|
    |sum4_2_7_fu_4696_p2      |     +    |      0|  0|  28|          28|          28|
    |sum4_2_8_fu_4879_p2      |     +    |      0|  0|  28|          28|          28|
    |sum4_2_9_fu_5064_p2      |     +    |      0|  0|  28|          28|          28|
    |sum4_2_fu_3411_p2        |     +    |      0|  0|  28|          28|          28|
    |sum4_2_s_fu_5247_p2      |     +    |      0|  0|  28|          28|          28|
    |sum4_3_1_fu_6414_p2      |     +    |      0|  0|  28|          28|          28|
    |sum4_3_2_fu_6605_p2      |     +    |      0|  0|  28|          28|          28|
    |sum4_3_fu_6225_p2        |     +    |      0|  0|  28|          28|          28|
    |sum55_10_fu_5387_p2      |     +    |      0|  0|  10|          10|          10|
    |sum55_12_fu_5755_p2      |     +    |      0|  0|  10|          10|          10|
    |sum55_1_fu_3547_p2       |     +    |      0|  0|  10|          10|          10|
    |sum55_3_fu_3915_p2       |     +    |      0|  0|  10|          10|          10|
    |sum55_5_fu_4283_p2       |     +    |      0|  0|  10|          10|          10|
    |sum55_7_fu_4651_p2       |     +    |      0|  0|  10|          10|          10|
    |sum55_9_fu_5019_p2       |     +    |      0|  0|  10|          10|          10|
    |sum57_1_fu_6365_p2       |     +    |      0|  0|   9|           9|           9|
    |sum9_1_fu_6352_p2        |     +    |      0|  0|  11|          11|          11|
    |sum9_2_fu_6541_p2        |     +    |      0|  0|  11|          11|          11|
    |sum9_fu_6161_p2          |     +    |      0|  0|  11|          11|          11|
    |sum_10_fu_5374_p2        |     +    |      0|  0|   7|           7|           7|
    |sum_11_fu_5555_p2        |     +    |      0|  0|   7|           7|           7|
    |sum_12_fu_5742_p2        |     +    |      0|  0|   7|           7|           7|
    |sum_13_fu_5923_p2        |     +    |      0|  0|   7|           7|           7|
    |sum_1_fu_3534_p2         |     +    |      0|  0|   7|           7|           7|
    |sum_2_fu_3715_p2         |     +    |      0|  0|   7|           7|           7|
    |sum_3_fu_3902_p2         |     +    |      0|  0|   7|           7|           7|
    |sum_4_fu_4083_p2         |     +    |      0|  0|   7|           7|           7|
    |sum_5_fu_4270_p2         |     +    |      0|  0|   7|           7|           7|
    |sum_6_fu_4451_p2         |     +    |      0|  0|   7|           7|           7|
    |sum_7_fu_4638_p2         |     +    |      0|  0|   7|           7|           7|
    |sum_8_fu_4819_p2         |     +    |      0|  0|   7|           7|           7|
    |sum_9_fu_5006_p2         |     +    |      0|  0|   7|           7|           7|
    |sum_fu_3351_p2           |     +    |      0|  0|   7|           7|           7|
    |sum_s_fu_5187_p2         |     +    |      0|  0|   7|           7|           7|
    |tmp_13_fu_3433_p2        |     +    |      0|  0|  15|          13|          15|
    |tmp_15_fu_3444_p2        |     +    |      0|  0|  15|          13|          15|
    |tmp_17_10_fu_5454_p2     |     +    |      0|  0|  15|          13|          15|
    |tmp_17_11_fu_5637_p2     |     +    |      0|  0|  15|          13|          15|
    |tmp_17_12_fu_5822_p2     |     +    |      0|  0|  15|          13|          15|
    |tmp_17_13_fu_6005_p2     |     +    |      0|  0|  15|          13|          15|
    |tmp_17_1_fu_3614_p2      |     +    |      0|  0|  15|          13|          15|
    |tmp_17_2_fu_3797_p2      |     +    |      0|  0|  15|          13|          15|
    |tmp_17_3_fu_3982_p2      |     +    |      0|  0|  15|          13|          15|
    |tmp_17_4_fu_4165_p2      |     +    |      0|  0|  15|          13|          15|
    |tmp_17_5_fu_4350_p2      |     +    |      0|  0|  15|          13|          15|
    |tmp_17_6_fu_4533_p2      |     +    |      0|  0|  15|          13|          15|
    |tmp_17_7_fu_4718_p2      |     +    |      0|  0|  15|          13|          15|
    |tmp_17_8_fu_4901_p2      |     +    |      0|  0|  15|          13|          15|
    |tmp_17_9_fu_5086_p2      |     +    |      0|  0|  15|          13|          15|
    |tmp_17_fu_3455_p2        |     +    |      0|  0|  15|          13|          15|
    |tmp_17_s_fu_5269_p2      |     +    |      0|  0|  15|          13|          15|
    |tmp_20_10_fu_5465_p2     |     +    |      0|  0|  15|          13|          15|
    |tmp_20_11_fu_5648_p2     |     +    |      0|  0|  15|          13|          15|
    |tmp_20_12_fu_5833_p2     |     +    |      0|  0|  15|          13|          15|
    |tmp_20_13_fu_6016_p2     |     +    |      0|  0|  15|          13|          15|
    |tmp_20_1_fu_3625_p2      |     +    |      0|  0|  15|          13|          15|
    |tmp_20_2_fu_3808_p2      |     +    |      0|  0|  15|          13|          15|
    |tmp_20_3_fu_3993_p2      |     +    |      0|  0|  15|          13|          15|
    |tmp_20_4_fu_4176_p2      |     +    |      0|  0|  15|          13|          15|
    |tmp_20_5_fu_4361_p2      |     +    |      0|  0|  15|          13|          15|
    |tmp_20_6_fu_4544_p2      |     +    |      0|  0|  15|          13|          15|
    |tmp_20_7_fu_4729_p2      |     +    |      0|  0|  15|          13|          15|
    |tmp_20_8_fu_4912_p2      |     +    |      0|  0|  15|          13|          15|
    |tmp_20_9_fu_5097_p2      |     +    |      0|  0|  15|          13|          15|
    |tmp_20_fu_3466_p2        |     +    |      0|  0|  15|          13|          15|
    |tmp_20_s_fu_5280_p2      |     +    |      0|  0|  15|          13|          15|
    |tmp_21_10_fu_5476_p2     |     +    |      0|  0|  15|          13|          15|
    |tmp_21_11_fu_5659_p2     |     +    |      0|  0|  15|          13|          15|
    |tmp_21_12_fu_5844_p2     |     +    |      0|  0|  15|          13|          15|
    |tmp_21_13_fu_6027_p2     |     +    |      0|  0|  15|          13|          15|
    |tmp_21_1_fu_3636_p2      |     +    |      0|  0|  15|          13|          15|
    |tmp_21_2_fu_3819_p2      |     +    |      0|  0|  15|          13|          15|
    |tmp_21_3_fu_4004_p2      |     +    |      0|  0|  15|          13|          15|
    |tmp_21_4_fu_4187_p2      |     +    |      0|  0|  15|          13|          15|
    |tmp_21_5_fu_4372_p2      |     +    |      0|  0|  15|          13|          15|
    |tmp_21_6_fu_4555_p2      |     +    |      0|  0|  15|          13|          15|
    |tmp_21_7_fu_4740_p2      |     +    |      0|  0|  15|          13|          15|
    |tmp_21_8_fu_4923_p2      |     +    |      0|  0|  15|          13|          15|
    |tmp_21_9_fu_5108_p2      |     +    |      0|  0|  15|          13|          15|
    |tmp_21_s_fu_5291_p2      |     +    |      0|  0|  15|          13|          15|
    |tmp_22_10_fu_5487_p2     |     +    |      0|  0|  15|          13|          15|
    |tmp_22_11_fu_5670_p2     |     +    |      0|  0|  15|          13|          15|
    |tmp_22_12_fu_5855_p2     |     +    |      0|  0|  15|          13|          15|
    |tmp_22_13_fu_6038_p2     |     +    |      0|  0|  15|          13|          15|
    |tmp_22_1_fu_3647_p2      |     +    |      0|  0|  15|          13|          15|
    |tmp_22_2_fu_3830_p2      |     +    |      0|  0|  15|          13|          15|
    |tmp_22_3_fu_4015_p2      |     +    |      0|  0|  15|          13|          15|
    |tmp_22_4_fu_4198_p2      |     +    |      0|  0|  15|          13|          15|
    |tmp_22_5_fu_4383_p2      |     +    |      0|  0|  15|          13|          15|
    |tmp_22_6_fu_4566_p2      |     +    |      0|  0|  15|          13|          15|
    |tmp_22_7_fu_4751_p2      |     +    |      0|  0|  15|          13|          15|
    |tmp_22_8_fu_4934_p2      |     +    |      0|  0|  15|          13|          15|
    |tmp_22_9_fu_5119_p2      |     +    |      0|  0|  15|          13|          15|
    |tmp_22_s_fu_5302_p2      |     +    |      0|  0|  15|          13|          15|
    |tmp_23_fu_6247_p2        |     +    |      0|  0|  15|          13|          15|
    |tmp_24_fu_6258_p2        |     +    |      0|  0|  15|          13|          15|
    |tmp_26_fu_6269_p2        |     +    |      0|  0|  15|          13|          15|
    |tmp_29_fu_6280_p2        |     +    |      0|  0|  15|          13|          15|
    |tmp_37_1_fu_6436_p2      |     +    |      0|  0|  15|          13|          15|
    |tmp_37_2_fu_6627_p2      |     +    |      0|  0|  15|          13|          15|
    |tmp_40_1_fu_6447_p2      |     +    |      0|  0|  15|          13|          15|
    |tmp_40_2_fu_6638_p2      |     +    |      0|  0|  15|          13|          15|
    |tmp_41_1_fu_6458_p2      |     +    |      0|  0|  15|          13|          15|
    |tmp_41_2_fu_6649_p2      |     +    |      0|  0|  15|          13|          15|
    |tmp_42_1_fu_6469_p2      |     +    |      0|  0|  15|          13|          15|
    |tmp_42_2_fu_6660_p2      |     +    |      0|  0|  15|          13|          15|
    |exitcond2_fu_6111_p2     |   icmp   |      0|  0|   2|           4|           5|
    |exitcond3_10_fu_5354_p2  |   icmp   |      0|  0|   3|           5|           6|
    |exitcond3_11_fu_5539_p2  |   icmp   |      0|  0|   3|           5|           6|
    |exitcond3_12_fu_5722_p2  |   icmp   |      0|  0|   3|           5|           6|
    |exitcond3_13_fu_5907_p2  |   icmp   |      0|  0|   3|           5|           6|
    |exitcond3_1_fu_3514_p2   |   icmp   |      0|  0|   3|           5|           6|
    |exitcond3_2_fu_3699_p2   |   icmp   |      0|  0|   3|           5|           6|
    |exitcond3_3_fu_3882_p2   |   icmp   |      0|  0|   3|           5|           6|
    |exitcond3_4_fu_4067_p2   |   icmp   |      0|  0|   3|           5|           6|
    |exitcond3_5_fu_4250_p2   |   icmp   |      0|  0|   3|           5|           6|
    |exitcond3_6_fu_4435_p2   |   icmp   |      0|  0|   3|           5|           6|
    |exitcond3_7_fu_4618_p2   |   icmp   |      0|  0|   3|           5|           6|
    |exitcond3_8_fu_4803_p2   |   icmp   |      0|  0|   3|           5|           6|
    |exitcond3_9_fu_4986_p2   |   icmp   |      0|  0|   3|           5|           6|
    |exitcond3_fu_3335_p2     |   icmp   |      0|  0|   3|           5|           6|
    |exitcond3_s_fu_5171_p2   |   icmp   |      0|  0|   3|           5|           6|
    |exitcond5_fu_3311_p2     |   icmp   |      0|  0|   2|           4|           5|
    |exitcond_1_fu_6332_p2    |   icmp   |      0|  0|   3|           5|           6|
    |exitcond_2_fu_6525_p2    |   icmp   |      0|  0|   3|           5|           6|
    |exitcond_fu_6145_p2      |   icmp   |      0|  0|   3|           5|           6|
    |tmp_105_fu_5135_p2       |    or    |      0|  0|   8|           7|           4|
    |tmp_112_fu_5318_p2       |    or    |      0|  0|   8|           7|           4|
    |tmp_119_fu_5503_p2       |    or    |      0|  0|   8|           7|           4|
    |tmp_126_fu_5686_p2       |    or    |      0|  0|   8|           7|           4|
    |tmp_133_fu_5871_p2       |    or    |      0|  0|   8|           7|           4|
    |tmp_140_fu_6075_p2       |    or    |      0|  0|   8|           7|           4|
    |tmp_141_fu_6049_p2       |    or    |      0|  0|   8|           7|           4|
    |tmp_35_fu_3663_p2        |    or    |      0|  0|   8|           7|           1|
    |tmp_42_fu_6485_p2        |    or    |      0|  0|   7|           5|           1|
    |tmp_49_fu_3846_p2        |    or    |      0|  0|   8|           7|           2|
    |tmp_56_fu_6701_p2        |    or    |      0|  0|   7|           5|           2|
    |tmp_57_fu_6671_p2        |    or    |      0|  0|   7|           5|           2|
    |tmp_63_fu_4031_p2        |    or    |      0|  0|   8|           7|           2|
    |tmp_70_fu_4214_p2        |    or    |      0|  0|   8|           7|           3|
    |tmp_77_fu_4399_p2        |    or    |      0|  0|   8|           7|           3|
    |tmp_84_fu_4582_p2        |    or    |      0|  0|   8|           7|           3|
    |tmp_91_fu_4767_p2        |    or    |      0|  0|   8|           7|           3|
    |tmp_98_fu_4950_p2        |    or    |      0|  0|   8|           7|           4|
    +-------------------------+----------+-------+---+----+------------+------------+
    |Total                    |          |      0|  0|3610|        3485|        3505|
    +-------------------------+----------+-------+---+----+------------+------------+

    * Multiplexer: 
    +--------------------------+-----+-----------+-----+-----------+
    |           Name           | LUT | Input Size| Bits| Total Bits|
    +--------------------------+-----+-----------+-----+-----------+
    |ap_NS_fsm                 |  102|         58|    1|         58|
    |ap_enable_reg_pp0_iter7   |    1|          2|    1|          2|
    |ap_enable_reg_pp10_iter7  |    1|          2|    1|          2|
    |ap_enable_reg_pp11_iter7  |    1|          2|    1|          2|
    |ap_enable_reg_pp12_iter7  |    1|          2|    1|          2|
    |ap_enable_reg_pp13_iter7  |    1|          2|    1|          2|
    |ap_enable_reg_pp14_iter7  |    1|          2|    1|          2|
    |ap_enable_reg_pp15_iter7  |    1|          2|    1|          2|
    |ap_enable_reg_pp16_iter7  |    1|          2|    1|          2|
    |ap_enable_reg_pp17_iter7  |    1|          2|    1|          2|
    |ap_enable_reg_pp1_iter7   |    1|          2|    1|          2|
    |ap_enable_reg_pp2_iter7   |    1|          2|    1|          2|
    |ap_enable_reg_pp3_iter7   |    1|          2|    1|          2|
    |ap_enable_reg_pp4_iter7   |    1|          2|    1|          2|
    |ap_enable_reg_pp5_iter7   |    1|          2|    1|          2|
    |ap_enable_reg_pp6_iter7   |    1|          2|    1|          2|
    |ap_enable_reg_pp7_iter7   |    1|          2|    1|          2|
    |ap_enable_reg_pp8_iter7   |    1|          2|    1|          2|
    |ap_enable_reg_pp9_iter7   |    1|          2|    1|          2|
    |bram1_Addr_A_orig         |  352|         39|   32|       1248|
    |bram1_Din_A               |  192|         21|   32|        672|
    |bram1_WEN_A               |    4|          2|    4|          8|
    |bram2_Addr_A_orig         |  352|         39|   32|       1248|
    |bram2_Din_A               |  192|         21|   32|        672|
    |bram2_WEN_A               |    4|          2|    4|          8|
    |bram3_Addr_A_orig         |  352|         39|   32|       1248|
    |bram3_Din_A               |  192|         21|   32|        672|
    |bram3_WEN_A               |    4|          2|    4|          8|
    |bram4_Addr_A_orig         |  352|         39|   32|       1248|
    |bram4_Din_A               |  192|         21|   32|        672|
    |bram4_WEN_A               |    4|          2|    4|          8|
    |i_1_reg_3039              |    4|          2|    4|          8|
    |i_reg_2143                |    4|          2|    4|          8|
    |k_10_reg_2744             |    5|          2|    5|         10|
    |k_11_reg_2803             |    5|          2|    5|         10|
    |k_12_reg_2862             |    5|          2|    5|         10|
    |k_13_reg_2921             |    5|          2|    5|         10|
    |k_14_reg_2980             |    5|          2|    5|         10|
    |k_15_reg_2272             |    5|          2|    5|         10|
    |k_16_reg_2331             |    5|          2|    5|         10|
    |k_1_1_reg_3109            |    5|          2|    5|         10|
    |k_1_2_reg_3168            |    5|          2|    5|         10|
    |k_1_reg_3050              |    5|          2|    5|         10|
    |k_4_reg_2390              |    5|          2|    5|         10|
    |k_5_reg_2449              |    5|          2|    5|         10|
    |k_6_reg_2508              |    5|          2|    5|         10|
    |k_7_reg_2567              |    5|          2|    5|         10|
    |k_8_reg_2626              |    5|          2|    5|         10|
    |k_9_reg_2685              |    5|          2|    5|         10|
    |k_reg_2154                |    5|          2|    5|         10|
    |k_s_reg_2213              |    5|          2|    5|         10|
    |sigmoid_lut_address0      |   65|         19|   13|        247|
    |sigmoid_lut_address1      |   65|         19|   13|        247|
    |sigmoid_lut_address2      |   65|         19|   13|        247|
    |sigmoid_lut_address3      |   65|         19|   13|        247|
    |sum1_10_reg_2755          |   28|          2|   28|         56|
    |sum1_11_reg_2814          |   28|          2|   28|         56|
    |sum1_12_reg_2873          |   28|          2|   28|         56|
    |sum1_13_reg_2932          |   28|          2|   28|         56|
    |sum1_14_reg_2991          |   28|          2|   28|         56|
    |sum1_15_reg_2283          |   28|          2|   28|         56|
    |sum1_16_reg_2342          |   28|          2|   28|         56|
    |sum1_1_1_reg_3120         |   28|          2|   28|         56|
    |sum1_1_2_reg_3179         |   28|          2|   28|         56|
    |sum1_1_reg_3061           |   28|          2|   28|         56|
    |sum1_4_reg_2401           |   28|          2|   28|         56|
    |sum1_5_reg_2460           |   28|          2|   28|         56|
    |sum1_6_reg_2519           |   28|          2|   28|         56|
    |sum1_7_reg_2578           |   28|          2|   28|         56|
    |sum1_8_reg_2637           |   28|          2|   28|         56|
    |sum1_9_reg_2696           |   28|          2|   28|         56|
    |sum1_reg_2165             |   28|          2|   28|         56|
    |sum1_s_reg_2224           |   28|          2|   28|         56|
    |sum2_10_reg_2767          |   28|          2|   28|         56|
    |sum2_11_reg_2826          |   28|          2|   28|         56|
    |sum2_12_reg_2885          |   28|          2|   28|         56|
    |sum2_13_reg_2944          |   28|          2|   28|         56|
    |sum2_14_reg_3003          |   28|          2|   28|         56|
    |sum2_15_reg_2295          |   28|          2|   28|         56|
    |sum2_16_reg_2354          |   28|          2|   28|         56|
    |sum2_1_1_reg_3132         |   28|          2|   28|         56|
    |sum2_1_2_reg_3191         |   28|          2|   28|         56|
    |sum2_1_reg_3073           |   28|          2|   28|         56|
    |sum2_4_reg_2413           |   28|          2|   28|         56|
    |sum2_5_reg_2472           |   28|          2|   28|         56|
    |sum2_6_reg_2531           |   28|          2|   28|         56|
    |sum2_7_reg_2590           |   28|          2|   28|         56|
    |sum2_8_reg_2649           |   28|          2|   28|         56|
    |sum2_9_reg_2708           |   28|          2|   28|         56|
    |sum2_reg_2177             |   28|          2|   28|         56|
    |sum2_s_reg_2236           |   28|          2|   28|         56|
    |sum3_10_reg_2779          |   28|          2|   28|         56|
    |sum3_11_reg_2838          |   28|          2|   28|         56|
    |sum3_12_reg_2897          |   28|          2|   28|         56|
    |sum3_13_reg_2956          |   28|          2|   28|         56|
    |sum3_14_reg_3015          |   28|          2|   28|         56|
    |sum3_15_reg_2307          |   28|          2|   28|         56|
    |sum3_16_reg_2366          |   28|          2|   28|         56|
    |sum3_1_1_reg_3144         |   28|          2|   28|         56|
    |sum3_1_2_reg_3203         |   28|          2|   28|         56|
    |sum3_1_reg_3085           |   28|          2|   28|         56|
    |sum3_4_reg_2425           |   28|          2|   28|         56|
    |sum3_5_reg_2484           |   28|          2|   28|         56|
    |sum3_6_reg_2543           |   28|          2|   28|         56|
    |sum3_7_reg_2602           |   28|          2|   28|         56|
    |sum3_8_reg_2661           |   28|          2|   28|         56|
    |sum3_9_reg_2720           |   28|          2|   28|         56|
    |sum3_reg_2189             |   28|          2|   28|         56|
    |sum3_s_reg_2248           |   28|          2|   28|         56|
    |sum4_10_reg_2791          |   28|          2|   28|         56|
    |sum4_11_reg_2850          |   28|          2|   28|         56|
    |sum4_12_reg_2909          |   28|          2|   28|         56|
    |sum4_13_reg_2968          |   28|          2|   28|         56|
    |sum4_14_reg_3027          |   28|          2|   28|         56|
    |sum4_15_reg_2319          |   28|          2|   28|         56|
    |sum4_16_reg_2378          |   28|          2|   28|         56|
    |sum4_1_1_reg_3156         |   28|          2|   28|         56|
    |sum4_1_2_reg_3215         |   28|          2|   28|         56|
    |sum4_1_reg_3097           |   28|          2|   28|         56|
    |sum4_4_reg_2437           |   28|          2|   28|         56|
    |sum4_5_reg_2496           |   28|          2|   28|         56|
    |sum4_6_reg_2555           |   28|          2|   28|         56|
    |sum4_7_reg_2614           |   28|          2|   28|         56|
    |sum4_8_reg_2673           |   28|          2|   28|         56|
    |sum4_9_reg_2732           |   28|          2|   28|         56|
    |sum4_reg_2201             |   28|          2|   28|         56|
    |sum4_s_reg_2260           |   28|          2|   28|         56|
    |weight_Addr_A_orig        |  160|         19|   32|        608|
    +--------------------------+-----+-----------+-----+-----------+
    |Total                     | 4846|        621| 2489|      13630|
    +--------------------------+-----+-----------+-----+-----------+

    * Register: 
    +--------------------------+----+----+-----+-----------+
    |           Name           | FF | LUT| Bits| Const Bits|
    +--------------------------+----+----+-----+-----------+
    |ap_CS_fsm                 |  57|   0|   57|          0|
    |ap_enable_reg_pp0_iter0   |   1|   0|    1|          0|
    |ap_enable_reg_pp0_iter1   |   1|   0|    1|          0|
    |ap_enable_reg_pp0_iter2   |   1|   0|    1|          0|
    |ap_enable_reg_pp0_iter3   |   1|   0|    1|          0|
    |ap_enable_reg_pp0_iter4   |   1|   0|    1|          0|
    |ap_enable_reg_pp0_iter5   |   1|   0|    1|          0|
    |ap_enable_reg_pp0_iter6   |   1|   0|    1|          0|
    |ap_enable_reg_pp0_iter7   |   1|   0|    1|          0|
    |ap_enable_reg_pp10_iter0  |   1|   0|    1|          0|
    |ap_enable_reg_pp10_iter1  |   1|   0|    1|          0|
    |ap_enable_reg_pp10_iter2  |   1|   0|    1|          0|
    |ap_enable_reg_pp10_iter3  |   1|   0|    1|          0|
    |ap_enable_reg_pp10_iter4  |   1|   0|    1|          0|
    |ap_enable_reg_pp10_iter5  |   1|   0|    1|          0|
    |ap_enable_reg_pp10_iter6  |   1|   0|    1|          0|
    |ap_enable_reg_pp10_iter7  |   1|   0|    1|          0|
    |ap_enable_reg_pp11_iter0  |   1|   0|    1|          0|
    |ap_enable_reg_pp11_iter1  |   1|   0|    1|          0|
    |ap_enable_reg_pp11_iter2  |   1|   0|    1|          0|
    |ap_enable_reg_pp11_iter3  |   1|   0|    1|          0|
    |ap_enable_reg_pp11_iter4  |   1|   0|    1|          0|
    |ap_enable_reg_pp11_iter5  |   1|   0|    1|          0|
    |ap_enable_reg_pp11_iter6  |   1|   0|    1|          0|
    |ap_enable_reg_pp11_iter7  |   1|   0|    1|          0|
    |ap_enable_reg_pp12_iter0  |   1|   0|    1|          0|
    |ap_enable_reg_pp12_iter1  |   1|   0|    1|          0|
    |ap_enable_reg_pp12_iter2  |   1|   0|    1|          0|
    |ap_enable_reg_pp12_iter3  |   1|   0|    1|          0|
    |ap_enable_reg_pp12_iter4  |   1|   0|    1|          0|
    |ap_enable_reg_pp12_iter5  |   1|   0|    1|          0|
    |ap_enable_reg_pp12_iter6  |   1|   0|    1|          0|
    |ap_enable_reg_pp12_iter7  |   1|   0|    1|          0|
    |ap_enable_reg_pp13_iter0  |   1|   0|    1|          0|
    |ap_enable_reg_pp13_iter1  |   1|   0|    1|          0|
    |ap_enable_reg_pp13_iter2  |   1|   0|    1|          0|
    |ap_enable_reg_pp13_iter3  |   1|   0|    1|          0|
    |ap_enable_reg_pp13_iter4  |   1|   0|    1|          0|
    |ap_enable_reg_pp13_iter5  |   1|   0|    1|          0|
    |ap_enable_reg_pp13_iter6  |   1|   0|    1|          0|
    |ap_enable_reg_pp13_iter7  |   1|   0|    1|          0|
    |ap_enable_reg_pp14_iter0  |   1|   0|    1|          0|
    |ap_enable_reg_pp14_iter1  |   1|   0|    1|          0|
    |ap_enable_reg_pp14_iter2  |   1|   0|    1|          0|
    |ap_enable_reg_pp14_iter3  |   1|   0|    1|          0|
    |ap_enable_reg_pp14_iter4  |   1|   0|    1|          0|
    |ap_enable_reg_pp14_iter5  |   1|   0|    1|          0|
    |ap_enable_reg_pp14_iter6  |   1|   0|    1|          0|
    |ap_enable_reg_pp14_iter7  |   1|   0|    1|          0|
    |ap_enable_reg_pp15_iter0  |   1|   0|    1|          0|
    |ap_enable_reg_pp15_iter1  |   1|   0|    1|          0|
    |ap_enable_reg_pp15_iter2  |   1|   0|    1|          0|
    |ap_enable_reg_pp15_iter3  |   1|   0|    1|          0|
    |ap_enable_reg_pp15_iter4  |   1|   0|    1|          0|
    |ap_enable_reg_pp15_iter5  |   1|   0|    1|          0|
    |ap_enable_reg_pp15_iter6  |   1|   0|    1|          0|
    |ap_enable_reg_pp15_iter7  |   1|   0|    1|          0|
    |ap_enable_reg_pp16_iter0  |   1|   0|    1|          0|
    |ap_enable_reg_pp16_iter1  |   1|   0|    1|          0|
    |ap_enable_reg_pp16_iter2  |   1|   0|    1|          0|
    |ap_enable_reg_pp16_iter3  |   1|   0|    1|          0|
    |ap_enable_reg_pp16_iter4  |   1|   0|    1|          0|
    |ap_enable_reg_pp16_iter5  |   1|   0|    1|          0|
    |ap_enable_reg_pp16_iter6  |   1|   0|    1|          0|
    |ap_enable_reg_pp16_iter7  |   1|   0|    1|          0|
    |ap_enable_reg_pp17_iter0  |   1|   0|    1|          0|
    |ap_enable_reg_pp17_iter1  |   1|   0|    1|          0|
    |ap_enable_reg_pp17_iter2  |   1|   0|    1|          0|
    |ap_enable_reg_pp17_iter3  |   1|   0|    1|          0|
    |ap_enable_reg_pp17_iter4  |   1|   0|    1|          0|
    |ap_enable_reg_pp17_iter5  |   1|   0|    1|          0|
    |ap_enable_reg_pp17_iter6  |   1|   0|    1|          0|
    |ap_enable_reg_pp17_iter7  |   1|   0|    1|          0|
    |ap_enable_reg_pp1_iter0   |   1|   0|    1|          0|
    |ap_enable_reg_pp1_iter1   |   1|   0|    1|          0|
    |ap_enable_reg_pp1_iter2   |   1|   0|    1|          0|
    |ap_enable_reg_pp1_iter3   |   1|   0|    1|          0|
    |ap_enable_reg_pp1_iter4   |   1|   0|    1|          0|
    |ap_enable_reg_pp1_iter5   |   1|   0|    1|          0|
    |ap_enable_reg_pp1_iter6   |   1|   0|    1|          0|
    |ap_enable_reg_pp1_iter7   |   1|   0|    1|          0|
    |ap_enable_reg_pp2_iter0   |   1|   0|    1|          0|
    |ap_enable_reg_pp2_iter1   |   1|   0|    1|          0|
    |ap_enable_reg_pp2_iter2   |   1|   0|    1|          0|
    |ap_enable_reg_pp2_iter3   |   1|   0|    1|          0|
    |ap_enable_reg_pp2_iter4   |   1|   0|    1|          0|
    |ap_enable_reg_pp2_iter5   |   1|   0|    1|          0|
    |ap_enable_reg_pp2_iter6   |   1|   0|    1|          0|
    |ap_enable_reg_pp2_iter7   |   1|   0|    1|          0|
    |ap_enable_reg_pp3_iter0   |   1|   0|    1|          0|
    |ap_enable_reg_pp3_iter1   |   1|   0|    1|          0|
    |ap_enable_reg_pp3_iter2   |   1|   0|    1|          0|
    |ap_enable_reg_pp3_iter3   |   1|   0|    1|          0|
    |ap_enable_reg_pp3_iter4   |   1|   0|    1|          0|
    |ap_enable_reg_pp3_iter5   |   1|   0|    1|          0|
    |ap_enable_reg_pp3_iter6   |   1|   0|    1|          0|
    |ap_enable_reg_pp3_iter7   |   1|   0|    1|          0|
    |ap_enable_reg_pp4_iter0   |   1|   0|    1|          0|
    |ap_enable_reg_pp4_iter1   |   1|   0|    1|          0|
    |ap_enable_reg_pp4_iter2   |   1|   0|    1|          0|
    |ap_enable_reg_pp4_iter3   |   1|   0|    1|          0|
    |ap_enable_reg_pp4_iter4   |   1|   0|    1|          0|
    |ap_enable_reg_pp4_iter5   |   1|   0|    1|          0|
    |ap_enable_reg_pp4_iter6   |   1|   0|    1|          0|
    |ap_enable_reg_pp4_iter7   |   1|   0|    1|          0|
    |ap_enable_reg_pp5_iter0   |   1|   0|    1|          0|
    |ap_enable_reg_pp5_iter1   |   1|   0|    1|          0|
    |ap_enable_reg_pp5_iter2   |   1|   0|    1|          0|
    |ap_enable_reg_pp5_iter3   |   1|   0|    1|          0|
    |ap_enable_reg_pp5_iter4   |   1|   0|    1|          0|
    |ap_enable_reg_pp5_iter5   |   1|   0|    1|          0|
    |ap_enable_reg_pp5_iter6   |   1|   0|    1|          0|
    |ap_enable_reg_pp5_iter7   |   1|   0|    1|          0|
    |ap_enable_reg_pp6_iter0   |   1|   0|    1|          0|
    |ap_enable_reg_pp6_iter1   |   1|   0|    1|          0|
    |ap_enable_reg_pp6_iter2   |   1|   0|    1|          0|
    |ap_enable_reg_pp6_iter3   |   1|   0|    1|          0|
    |ap_enable_reg_pp6_iter4   |   1|   0|    1|          0|
    |ap_enable_reg_pp6_iter5   |   1|   0|    1|          0|
    |ap_enable_reg_pp6_iter6   |   1|   0|    1|          0|
    |ap_enable_reg_pp6_iter7   |   1|   0|    1|          0|
    |ap_enable_reg_pp7_iter0   |   1|   0|    1|          0|
    |ap_enable_reg_pp7_iter1   |   1|   0|    1|          0|
    |ap_enable_reg_pp7_iter2   |   1|   0|    1|          0|
    |ap_enable_reg_pp7_iter3   |   1|   0|    1|          0|
    |ap_enable_reg_pp7_iter4   |   1|   0|    1|          0|
    |ap_enable_reg_pp7_iter5   |   1|   0|    1|          0|
    |ap_enable_reg_pp7_iter6   |   1|   0|    1|          0|
    |ap_enable_reg_pp7_iter7   |   1|   0|    1|          0|
    |ap_enable_reg_pp8_iter0   |   1|   0|    1|          0|
    |ap_enable_reg_pp8_iter1   |   1|   0|    1|          0|
    |ap_enable_reg_pp8_iter2   |   1|   0|    1|          0|
    |ap_enable_reg_pp8_iter3   |   1|   0|    1|          0|
    |ap_enable_reg_pp8_iter4   |   1|   0|    1|          0|
    |ap_enable_reg_pp8_iter5   |   1|   0|    1|          0|
    |ap_enable_reg_pp8_iter6   |   1|   0|    1|          0|
    |ap_enable_reg_pp8_iter7   |   1|   0|    1|          0|
    |ap_enable_reg_pp9_iter0   |   1|   0|    1|          0|
    |ap_enable_reg_pp9_iter1   |   1|   0|    1|          0|
    |ap_enable_reg_pp9_iter2   |   1|   0|    1|          0|
    |ap_enable_reg_pp9_iter3   |   1|   0|    1|          0|
    |ap_enable_reg_pp9_iter4   |   1|   0|    1|          0|
    |ap_enable_reg_pp9_iter5   |   1|   0|    1|          0|
    |ap_enable_reg_pp9_iter6   |   1|   0|    1|          0|
    |ap_enable_reg_pp9_iter7   |   1|   0|    1|          0|
    |exitcond3_10_reg_7603     |   1|   0|    1|          0|
    |exitcond3_11_reg_7677     |   1|   0|    1|          0|
    |exitcond3_12_reg_7751     |   1|   0|    1|          0|
    |exitcond3_13_reg_7825     |   1|   0|    1|          0|
    |exitcond3_1_reg_6863      |   1|   0|    1|          0|
    |exitcond3_2_reg_6937      |   1|   0|    1|          0|
    |exitcond3_3_reg_7011      |   1|   0|    1|          0|
    |exitcond3_4_reg_7085      |   1|   0|    1|          0|
    |exitcond3_5_reg_7159      |   1|   0|    1|          0|
    |exitcond3_6_reg_7233      |   1|   0|    1|          0|
    |exitcond3_7_reg_7307      |   1|   0|    1|          0|
    |exitcond3_8_reg_7381      |   1|   0|    1|          0|
    |exitcond3_9_reg_7455      |   1|   0|    1|          0|
    |exitcond3_reg_6789        |   1|   0|    1|          0|
    |exitcond3_s_reg_7529      |   1|   0|    1|          0|
    |exitcond_1_reg_8001       |   1|   0|    1|          0|
    |exitcond_2_reg_8075       |   1|   0|    1|          0|
    |exitcond_reg_7927         |   1|   0|    1|          0|
    |i_1_reg_3039              |   4|   0|    4|          0|
    |i_2_reg_6745              |   4|   0|    4|          0|
    |i_3_reg_7903              |   4|   0|    4|          0|
    |i_reg_2143                |   4|   0|    4|          0|
    |k_10_reg_2744             |   5|   0|    5|          0|
    |k_11_reg_2803             |   5|   0|    5|          0|
    |k_12_reg_2862             |   5|   0|    5|          0|
    |k_13_reg_2921             |   5|   0|    5|          0|
    |k_14_reg_2980             |   5|   0|    5|          0|
    |k_15_reg_2272             |   5|   0|    5|          0|
    |k_16_reg_2331             |   5|   0|    5|          0|
    |k_1_1_reg_3109            |   5|   0|    5|          0|
    |k_1_2_reg_3168            |   5|   0|    5|          0|
    |k_1_reg_3050              |   5|   0|    5|          0|
    |k_4_reg_2390              |   5|   0|    5|          0|
    |k_5_reg_2449              |   5|   0|    5|          0|
    |k_6_reg_2508              |   5|   0|    5|          0|
    |k_7_reg_2567              |   5|   0|    5|          0|
    |k_8_reg_2626              |   5|   0|    5|          0|
    |k_9_reg_2685              |   5|   0|    5|          0|
    |k_reg_2154                |   5|   0|    5|          0|
    |k_s_reg_2213              |   5|   0|    5|          0|
    |reg_3227                  |  32|   0|   32|          0|
    |reg_3231                  |  32|   0|   32|          0|
    |reg_3235                  |  32|   0|   32|          0|
    |reg_3239                  |  32|   0|   32|          0|
    |reg_3243                  |  32|   0|   32|          0|
    |sum1_10_reg_2755          |  28|   0|   28|          0|
    |sum1_11_reg_2814          |  28|   0|   28|          0|
    |sum1_12_reg_2873          |  28|   0|   28|          0|
    |sum1_13_reg_2932          |  28|   0|   28|          0|
    |sum1_14_reg_2991          |  28|   0|   28|          0|
    |sum1_15_reg_2283          |  28|   0|   28|          0|
    |sum1_16_reg_2342          |  28|   0|   28|          0|
    |sum1_1_1_reg_3120         |  28|   0|   28|          0|
    |sum1_1_2_reg_3179         |  28|   0|   28|          0|
    |sum1_1_reg_3061           |  28|   0|   28|          0|
    |sum1_4_reg_2401           |  28|   0|   28|          0|
    |sum1_5_reg_2460           |  28|   0|   28|          0|
    |sum1_6_reg_2519           |  28|   0|   28|          0|
    |sum1_7_reg_2578           |  28|   0|   28|          0|
    |sum1_8_reg_2637           |  28|   0|   28|          0|
    |sum1_9_reg_2696           |  28|   0|   28|          0|
    |sum1_reg_2165             |  28|   0|   28|          0|
    |sum1_s_reg_2224           |  28|   0|   28|          0|
    |sum2_10_reg_2767          |  28|   0|   28|          0|
    |sum2_11_reg_2826          |  28|   0|   28|          0|
    |sum2_12_reg_2885          |  28|   0|   28|          0|
    |sum2_13_reg_2944          |  28|   0|   28|          0|
    |sum2_14_reg_3003          |  28|   0|   28|          0|
    |sum2_15_reg_2295          |  28|   0|   28|          0|
    |sum2_16_reg_2354          |  28|   0|   28|          0|
    |sum2_1_1_reg_3132         |  28|   0|   28|          0|
    |sum2_1_2_reg_3191         |  28|   0|   28|          0|
    |sum2_1_reg_3073           |  28|   0|   28|          0|
    |sum2_4_reg_2413           |  28|   0|   28|          0|
    |sum2_5_reg_2472           |  28|   0|   28|          0|
    |sum2_6_reg_2531           |  28|   0|   28|          0|
    |sum2_7_reg_2590           |  28|   0|   28|          0|
    |sum2_8_reg_2649           |  28|   0|   28|          0|
    |sum2_9_reg_2708           |  28|   0|   28|          0|
    |sum2_reg_2177             |  28|   0|   28|          0|
    |sum2_s_reg_2236           |  28|   0|   28|          0|
    |sum3_10_reg_2779          |  28|   0|   28|          0|
    |sum3_11_reg_2838          |  28|   0|   28|          0|
    |sum3_12_reg_2897          |  28|   0|   28|          0|
    |sum3_13_reg_2956          |  28|   0|   28|          0|
    |sum3_14_reg_3015          |  28|   0|   28|          0|
    |sum3_15_reg_2307          |  28|   0|   28|          0|
    |sum3_16_reg_2366          |  28|   0|   28|          0|
    |sum3_1_1_reg_3144         |  28|   0|   28|          0|
    |sum3_1_2_reg_3203         |  28|   0|   28|          0|
    |sum3_1_reg_3085           |  28|   0|   28|          0|
    |sum3_4_reg_2425           |  28|   0|   28|          0|
    |sum3_5_reg_2484           |  28|   0|   28|          0|
    |sum3_6_reg_2543           |  28|   0|   28|          0|
    |sum3_7_reg_2602           |  28|   0|   28|          0|
    |sum3_8_reg_2661           |  28|   0|   28|          0|
    |sum3_9_reg_2720           |  28|   0|   28|          0|
    |sum3_reg_2189             |  28|   0|   28|          0|
    |sum3_s_reg_2248           |  28|   0|   28|          0|
    |sum4_10_reg_2791          |  28|   0|   28|          0|
    |sum4_11_reg_2850          |  28|   0|   28|          0|
    |sum4_12_reg_2909          |  28|   0|   28|          0|
    |sum4_13_reg_2968          |  28|   0|   28|          0|
    |sum4_14_reg_3027          |  28|   0|   28|          0|
    |sum4_15_reg_2319          |  28|   0|   28|          0|
    |sum4_16_reg_2378          |  28|   0|   28|          0|
    |sum4_1_1_reg_3156         |  28|   0|   28|          0|
    |sum4_1_2_reg_3215         |  28|   0|   28|          0|
    |sum4_1_reg_3097           |  28|   0|   28|          0|
    |sum4_4_reg_2437           |  28|   0|   28|          0|
    |sum4_5_reg_2496           |  28|   0|   28|          0|
    |sum4_6_reg_2555           |  28|   0|   28|          0|
    |sum4_7_reg_2614           |  28|   0|   28|          0|
    |sum4_8_reg_2673           |  28|   0|   28|          0|
    |sum4_9_reg_2732           |  28|   0|   28|          0|
    |sum4_reg_2201             |  28|   0|   28|          0|
    |sum4_s_reg_2260           |  28|   0|   28|          0|
    |tmp_1_reg_6750            |   3|   0|    3|          0|
    |tmp_2_reg_7913            |   3|   0|    5|          2|
    |tmp_7_reg_7908            |   3|   0|    3|          0|
    |tmp_reg_6755              |   3|   0|    7|          4|
    |tmp_s_reg_7920            |   3|   0|   11|          8|
    |exitcond3_10_reg_7603     |   0|   1|    1|          0|
    |exitcond3_11_reg_7677     |   0|   1|    1|          0|
    |exitcond3_12_reg_7751     |   0|   1|    1|          0|
    |exitcond3_13_reg_7825     |   0|   1|    1|          0|
    |exitcond3_1_reg_6863      |   0|   1|    1|          0|
    |exitcond3_2_reg_6937      |   0|   1|    1|          0|
    |exitcond3_3_reg_7011      |   0|   1|    1|          0|
    |exitcond3_4_reg_7085      |   0|   1|    1|          0|
    |exitcond3_5_reg_7159      |   0|   1|    1|          0|
    |exitcond3_6_reg_7233      |   0|   1|    1|          0|
    |exitcond3_7_reg_7307      |   0|   1|    1|          0|
    |exitcond3_8_reg_7381      |   0|   1|    1|          0|
    |exitcond3_9_reg_7455      |   0|   1|    1|          0|
    |exitcond3_reg_6789        |   0|   1|    1|          0|
    |exitcond3_s_reg_7529      |   0|   1|    1|          0|
    |exitcond_1_reg_8001       |   0|   1|    1|          0|
    |exitcond_2_reg_8075       |   0|   1|    1|          0|
    |exitcond_reg_7927         |   0|   1|    1|          0|
    +--------------------------+----+----+-----+-----------+
    |Total                     |2516|  18| 2548|         14|
    +--------------------------+----+----+-----+-----------+



================================================================
== Interface
================================================================
* Summary: 
+------------------------+-----+-----+------------+--------------+--------------+
|        RTL Ports       | Dir | Bits|  Protocol  | Source Object|    C Type    |
+------------------------+-----+-----+------------+--------------+--------------+
|s_axi_BUS_CTRL_AWVALID  |  in |    1|    s_axi   |   BUS_CTRL   |  return void |
|s_axi_BUS_CTRL_AWREADY  | out |    1|    s_axi   |   BUS_CTRL   |  return void |
|s_axi_BUS_CTRL_AWADDR   |  in |    4|    s_axi   |   BUS_CTRL   |  return void |
|s_axi_BUS_CTRL_WVALID   |  in |    1|    s_axi   |   BUS_CTRL   |  return void |
|s_axi_BUS_CTRL_WREADY   | out |    1|    s_axi   |   BUS_CTRL   |  return void |
|s_axi_BUS_CTRL_WDATA    |  in |   32|    s_axi   |   BUS_CTRL   |  return void |
|s_axi_BUS_CTRL_WSTRB    |  in |    4|    s_axi   |   BUS_CTRL   |  return void |
|s_axi_BUS_CTRL_ARVALID  |  in |    1|    s_axi   |   BUS_CTRL   |  return void |
|s_axi_BUS_CTRL_ARREADY  | out |    1|    s_axi   |   BUS_CTRL   |  return void |
|s_axi_BUS_CTRL_ARADDR   |  in |    4|    s_axi   |   BUS_CTRL   |  return void |
|s_axi_BUS_CTRL_RVALID   | out |    1|    s_axi   |   BUS_CTRL   |  return void |
|s_axi_BUS_CTRL_RREADY   |  in |    1|    s_axi   |   BUS_CTRL   |  return void |
|s_axi_BUS_CTRL_RDATA    | out |   32|    s_axi   |   BUS_CTRL   |  return void |
|s_axi_BUS_CTRL_RRESP    | out |    2|    s_axi   |   BUS_CTRL   |  return void |
|s_axi_BUS_CTRL_BVALID   | out |    1|    s_axi   |   BUS_CTRL   |  return void |
|s_axi_BUS_CTRL_BREADY   |  in |    1|    s_axi   |   BUS_CTRL   |  return void |
|s_axi_BUS_CTRL_BRESP    | out |    2|    s_axi   |   BUS_CTRL   |  return void |
|ap_clk                  |  in |    1| ap_ctrl_hs |  predictor3  | return value |
|ap_rst_n                |  in |    1| ap_ctrl_hs |  predictor3  | return value |
|interrupt               | out |    1| ap_ctrl_hs |  predictor3  | return value |
|bram1_Addr_A            | out |   32|    bram    |     bram1    |     array    |
|bram1_EN_A              | out |    1|    bram    |     bram1    |     array    |
|bram1_WEN_A             | out |    4|    bram    |     bram1    |     array    |
|bram1_Din_A             | out |   32|    bram    |     bram1    |     array    |
|bram1_Dout_A            |  in |   32|    bram    |     bram1    |     array    |
|bram1_Clk_A             | out |    1|    bram    |     bram1    |     array    |
|bram1_Rst_A             | out |    1|    bram    |     bram1    |     array    |
|bram2_Addr_A            | out |   32|    bram    |     bram2    |     array    |
|bram2_EN_A              | out |    1|    bram    |     bram2    |     array    |
|bram2_WEN_A             | out |    4|    bram    |     bram2    |     array    |
|bram2_Din_A             | out |   32|    bram    |     bram2    |     array    |
|bram2_Dout_A            |  in |   32|    bram    |     bram2    |     array    |
|bram2_Clk_A             | out |    1|    bram    |     bram2    |     array    |
|bram2_Rst_A             | out |    1|    bram    |     bram2    |     array    |
|bram3_Addr_A            | out |   32|    bram    |     bram3    |     array    |
|bram3_EN_A              | out |    1|    bram    |     bram3    |     array    |
|bram3_WEN_A             | out |    4|    bram    |     bram3    |     array    |
|bram3_Din_A             | out |   32|    bram    |     bram3    |     array    |
|bram3_Dout_A            |  in |   32|    bram    |     bram3    |     array    |
|bram3_Clk_A             | out |    1|    bram    |     bram3    |     array    |
|bram3_Rst_A             | out |    1|    bram    |     bram3    |     array    |
|bram4_Addr_A            | out |   32|    bram    |     bram4    |     array    |
|bram4_EN_A              | out |    1|    bram    |     bram4    |     array    |
|bram4_WEN_A             | out |    4|    bram    |     bram4    |     array    |
|bram4_Din_A             | out |   32|    bram    |     bram4    |     array    |
|bram4_Dout_A            |  in |   32|    bram    |     bram4    |     array    |
|bram4_Clk_A             | out |    1|    bram    |     bram4    |     array    |
|bram4_Rst_A             | out |    1|    bram    |     bram4    |     array    |
|weight_Addr_A           | out |   32|    bram    |    weight    |     array    |
|weight_EN_A             | out |    1|    bram    |    weight    |     array    |
|weight_WEN_A            | out |    4|    bram    |    weight    |     array    |
|weight_Din_A            | out |   32|    bram    |    weight    |     array    |
|weight_Dout_A           |  in |   32|    bram    |    weight    |     array    |
|weight_Clk_A            | out |    1|    bram    |    weight    |     array    |
|weight_Rst_A            | out |    1|    bram    |    weight    |     array    |
+------------------------+-----+-----+------------+--------------+--------------+

